0 verbose cli /usr/local/bin/node /usr/local/bin/npm
1 info using npm@10.9.3
2 info using node@v22.18.0
3 silly config load:file:/usr/local/lib/node_modules/npm/npmrc
4 silly config load:file:/Users/xodn/Documents/capstoneDesign/moyeolog_FE/.npmrc
5 silly config load:file:/Users/xodn/.npmrc
6 silly config load:file:/usr/local/etc/npmrc
7 verbose title npm install vitest @vitejs/plugin-react jsdom @testing-library/react @testing-library/jest-dom @testing-library/user-event
8 verbose argv "install" "--save-dev" "vitest" "@vitejs/plugin-react" "jsdom" "@testing-library/react" "@testing-library/jest-dom" "@testing-library/user-event" "--cache" ".npm-cache"
9 verbose logfile logs-max:10 dir:/Users/xodn/Documents/capstoneDesign/moyeolog_FE/.npm-cache/_logs/2026-06-01T09_51_33_480Z-
10 verbose logfile /Users/xodn/Documents/capstoneDesign/moyeolog_FE/.npm-cache/_logs/2026-06-01T09_51_33_480Z-debug-0.log
11 silly logfile done cleaning log files
12 silly packumentCache heap:4345298944 maxSize:1086324736 maxEntrySize:543162368
13 silly idealTree buildDeps
14 silly fetch manifest vitest@*
15 silly packumentCache full:https://registry.npmjs.org/vitest cache-miss
16 http fetch GET 200 https://registry.npmjs.org/vitest 348ms (cache miss)
17 silly packumentCache full:https://registry.npmjs.org/vitest set size:undefined disposed:false
18 silly fetch manifest @edge-runtime/vm@*
19 silly packumentCache full:https://registry.npmjs.org/@edge-runtime%2fvm cache-miss
20 http fetch GET 200 https://registry.npmjs.org/@edge-runtime%2fvm 57ms (cache miss)
21 silly packumentCache full:https://registry.npmjs.org/@edge-runtime%2fvm set size:undefined disposed:false
22 silly fetch manifest @opentelemetry/api@^1.9.0
23 silly packumentCache full:https://registry.npmjs.org/@opentelemetry%2fapi cache-miss
24 http fetch GET 200 https://registry.npmjs.org/@opentelemetry%2fapi 69ms (cache miss)
25 silly packumentCache full:https://registry.npmjs.org/@opentelemetry%2fapi set size:undefined disposed:false
26 silly fetch manifest @types/node@^20
27 silly packumentCache full:https://registry.npmjs.org/@types%2fnode cache-miss
28 http fetch GET 200 https://registry.npmjs.org/@types%2fnode 216ms (cache miss)
29 silly packumentCache full:https://registry.npmjs.org/@types%2fnode set size:undefined disposed:false
30 silly fetch manifest @vitest/browser-playwright@4.1.8
31 silly packumentCache full:https://registry.npmjs.org/@vitest%2fbrowser-playwright cache-miss
32 http fetch GET 200 https://registry.npmjs.org/@vitest%2fbrowser-playwright 71ms (cache miss)
33 silly packumentCache full:https://registry.npmjs.org/@vitest%2fbrowser-playwright set size:undefined disposed:false
34 silly fetch manifest playwright@*
35 silly packumentCache full:https://registry.npmjs.org/playwright cache-miss
36 http fetch GET 200 https://registry.npmjs.org/playwright 327ms (cache miss)
37 silly packumentCache full:https://registry.npmjs.org/playwright set size:undefined disposed:false
38 silly fetch manifest @vitest/browser-preview@4.1.8
39 silly packumentCache full:https://registry.npmjs.org/@vitest%2fbrowser-preview cache-miss
40 http fetch GET 200 https://registry.npmjs.org/@vitest%2fbrowser-preview 84ms (cache miss)
41 silly packumentCache full:https://registry.npmjs.org/@vitest%2fbrowser-preview set size:undefined disposed:false
42 silly fetch manifest @vitest/browser-webdriverio@4.1.8
43 silly packumentCache full:https://registry.npmjs.org/@vitest%2fbrowser-webdriverio cache-miss
44 http fetch GET 200 https://registry.npmjs.org/@vitest%2fbrowser-webdriverio 72ms (cache miss)
45 silly packumentCache full:https://registry.npmjs.org/@vitest%2fbrowser-webdriverio set size:undefined disposed:false
46 silly fetch manifest webdriverio@*
47 silly packumentCache full:https://registry.npmjs.org/webdriverio cache-miss
48 http fetch GET 200 https://registry.npmjs.org/webdriverio 106ms (cache miss)
49 silly packumentCache full:https://registry.npmjs.org/webdriverio set size:undefined disposed:false
50 silly fetch manifest puppeteer-core@>=22.x || <=24.x
51 silly packumentCache full:https://registry.npmjs.org/puppeteer-core cache-miss
52 http fetch GET 200 https://registry.npmjs.org/puppeteer-core 81ms (cache miss)
53 silly packumentCache full:https://registry.npmjs.org/puppeteer-core set size:undefined disposed:false
54 silly fetch manifest @vitest/coverage-istanbul@4.1.8
55 silly packumentCache full:https://registry.npmjs.org/@vitest%2fcoverage-istanbul cache-miss
56 http fetch GET 200 https://registry.npmjs.org/@vitest%2fcoverage-istanbul 169ms (cache miss)
57 silly packumentCache full:https://registry.npmjs.org/@vitest%2fcoverage-istanbul set size:undefined disposed:false
58 silly fetch manifest @vitest/coverage-v8@4.1.8
59 silly packumentCache full:https://registry.npmjs.org/@vitest%2fcoverage-v8 cache-miss
60 http fetch GET 200 https://registry.npmjs.org/@vitest%2fcoverage-v8 79ms (cache miss)
61 silly packumentCache full:https://registry.npmjs.org/@vitest%2fcoverage-v8 set size:undefined disposed:false
62 silly fetch manifest @vitest/browser@4.1.8
63 silly packumentCache full:https://registry.npmjs.org/@vitest%2fbrowser cache-miss
64 http fetch GET 200 https://registry.npmjs.org/@vitest%2fbrowser 75ms (cache miss)
65 silly packumentCache full:https://registry.npmjs.org/@vitest%2fbrowser set size:undefined disposed:false
66 silly fetch manifest @vitest/ui@4.1.8
67 silly packumentCache full:https://registry.npmjs.org/@vitest%2fui cache-miss
68 http fetch GET 200 https://registry.npmjs.org/@vitest%2fui 95ms (cache miss)
69 silly packumentCache full:https://registry.npmjs.org/@vitest%2fui set size:undefined disposed:false
70 silly fetch manifest happy-dom@*
71 silly packumentCache full:https://registry.npmjs.org/happy-dom cache-miss
72 http fetch GET 200 https://registry.npmjs.org/happy-dom 100ms (cache miss)
73 silly packumentCache full:https://registry.npmjs.org/happy-dom set size:undefined disposed:false
74 silly fetch manifest jsdom@*
75 silly packumentCache full:https://registry.npmjs.org/jsdom cache-miss
76 http fetch GET 200 https://registry.npmjs.org/jsdom 80ms (cache miss)
77 silly packumentCache full:https://registry.npmjs.org/jsdom set size:undefined disposed:false
78 silly fetch manifest canvas@^3.0.0
79 silly packumentCache full:https://registry.npmjs.org/canvas cache-miss
80 http fetch GET 200 https://registry.npmjs.org/canvas 62ms (cache miss)
81 silly packumentCache full:https://registry.npmjs.org/canvas set size:undefined disposed:false
82 silly fetch manifest @vitejs/plugin-react@*
83 silly packumentCache full:https://registry.npmjs.org/@vitejs%2fplugin-react cache-miss
84 http fetch GET 200 https://registry.npmjs.org/@vitejs%2fplugin-react 65ms (cache miss)
85 silly packumentCache full:https://registry.npmjs.org/@vitejs%2fplugin-react set size:undefined disposed:false
86 silly fetch manifest @rolldown/plugin-babel@^0.1.7 || ^0.2.0
87 silly packumentCache full:https://registry.npmjs.org/@rolldown%2fplugin-babel cache-miss
88 http fetch GET 200 https://registry.npmjs.org/@rolldown%2fplugin-babel 59ms (cache miss)
89 silly packumentCache full:https://registry.npmjs.org/@rolldown%2fplugin-babel set size:undefined disposed:false
90 silly fetch manifest @babel/core@^7.29.0 || ^8.0.0-rc.1
91 silly packumentCache full:https://registry.npmjs.org/@babel%2fcore cache-miss
92 http fetch GET 200 https://registry.npmjs.org/@babel%2fcore 82ms (cache miss)
93 silly packumentCache full:https://registry.npmjs.org/@babel%2fcore set size:undefined disposed:false
94 silly fetch manifest @babel/plugin-transform-runtime@^7.29.0 || ^8.0.0-rc.1
95 silly packumentCache full:https://registry.npmjs.org/@babel%2fplugin-transform-runtime cache-miss
96 http fetch GET 200 https://registry.npmjs.org/@babel%2fplugin-transform-runtime 67ms (cache miss)
97 silly packumentCache full:https://registry.npmjs.org/@babel%2fplugin-transform-runtime set size:undefined disposed:false
98 silly fetch manifest @babel/runtime@^7.27.0 || ^8.0.0-rc.1
99 silly packumentCache full:https://registry.npmjs.org/@babel%2fruntime cache-miss
100 http fetch GET 200 https://registry.npmjs.org/@babel%2fruntime 145ms (cache miss)
101 silly packumentCache full:https://registry.npmjs.org/@babel%2fruntime set size:undefined disposed:false
102 silly fetch manifest rolldown@^1.0.0-rc.5
103 silly packumentCache full:https://registry.npmjs.org/rolldown cache-miss
104 http fetch GET 200 https://registry.npmjs.org/rolldown 104ms (cache miss)
105 silly packumentCache full:https://registry.npmjs.org/rolldown set size:undefined disposed:false
106 silly fetch manifest vite@^8.0.0
107 silly packumentCache full:https://registry.npmjs.org/vite cache-miss
108 http fetch GET 200 https://registry.npmjs.org/vite 1204ms (cache miss)
109 silly packumentCache full:https://registry.npmjs.org/vite set size:undefined disposed:false
110 silly fetch manifest @vitejs/devtools@^0.1.18
111 silly packumentCache full:https://registry.npmjs.org/@vitejs%2fdevtools cache-miss
112 http fetch GET 200 https://registry.npmjs.org/@vitejs%2fdevtools 75ms (cache miss)
113 silly packumentCache full:https://registry.npmjs.org/@vitejs%2fdevtools set size:undefined disposed:false
114 silly fetch manifest esbuild@^0.27.0 || ^0.28.0
115 silly packumentCache full:https://registry.npmjs.org/esbuild cache-miss
116 http fetch GET 200 https://registry.npmjs.org/esbuild 91ms (cache miss)
117 silly packumentCache full:https://registry.npmjs.org/esbuild set size:undefined disposed:false
118 silly fetch manifest jiti@>=1.21.0
119 silly packumentCache full:https://registry.npmjs.org/jiti cache-miss
120 http fetch GET 200 https://registry.npmjs.org/jiti 48ms (cache miss)
121 silly packumentCache full:https://registry.npmjs.org/jiti set size:undefined disposed:false
122 silly fetch manifest less@^4.0.0
123 silly packumentCache full:https://registry.npmjs.org/less cache-miss
124 http fetch GET 200 https://registry.npmjs.org/less 54ms (cache miss)
125 silly packumentCache full:https://registry.npmjs.org/less set size:undefined disposed:false
126 silly fetch manifest sass@^1.70.0
127 silly packumentCache full:https://registry.npmjs.org/sass cache-miss
128 http fetch GET 200 https://registry.npmjs.org/sass 78ms (cache miss)
129 silly packumentCache full:https://registry.npmjs.org/sass set size:undefined disposed:false
130 silly fetch manifest sass-embedded@^1.70.0
131 silly packumentCache full:https://registry.npmjs.org/sass-embedded cache-miss
132 http fetch GET 200 https://registry.npmjs.org/sass-embedded 57ms (cache miss)
133 silly packumentCache full:https://registry.npmjs.org/sass-embedded set size:undefined disposed:false
134 silly fetch manifest stylus@>=0.54.8
135 silly packumentCache full:https://registry.npmjs.org/stylus cache-miss
136 http fetch GET 200 https://registry.npmjs.org/stylus 57ms (cache miss)
137 silly packumentCache full:https://registry.npmjs.org/stylus set size:undefined disposed:false
138 silly fetch manifest sugarss@^5.0.0
139 silly packumentCache full:https://registry.npmjs.org/sugarss cache-miss
140 http fetch GET 200 https://registry.npmjs.org/sugarss 39ms (cache miss)
141 silly packumentCache full:https://registry.npmjs.org/sugarss set size:undefined disposed:false
142 silly fetch manifest postcss@^8.3.3
143 silly packumentCache full:https://registry.npmjs.org/postcss cache-miss
144 http fetch GET 200 https://registry.npmjs.org/postcss 69ms (cache miss)
145 silly packumentCache full:https://registry.npmjs.org/postcss set size:undefined disposed:false
146 silly fetch manifest terser@^5.16.0
147 silly packumentCache full:https://registry.npmjs.org/terser cache-miss
148 http fetch GET 200 https://registry.npmjs.org/terser 74ms (cache miss)
149 silly packumentCache full:https://registry.npmjs.org/terser set size:undefined disposed:false
150 silly fetch manifest tsx@^4.8.1
151 silly packumentCache full:https://registry.npmjs.org/tsx cache-miss
152 http fetch GET 200 https://registry.npmjs.org/tsx 57ms (cache miss)
153 silly packumentCache full:https://registry.npmjs.org/tsx set size:undefined disposed:false
154 silly fetch manifest yaml@^2.4.2
155 silly packumentCache full:https://registry.npmjs.org/yaml cache-miss
156 http fetch GET 200 https://registry.npmjs.org/yaml 49ms (cache miss)
157 silly packumentCache full:https://registry.npmjs.org/yaml set size:undefined disposed:false
158 silly fetch manifest babel-plugin-react-compiler@^1.0.0
159 silly packumentCache full:https://registry.npmjs.org/babel-plugin-react-compiler cache-miss
160 http fetch GET 200 https://registry.npmjs.org/babel-plugin-react-compiler 67ms (cache miss)
161 silly packumentCache full:https://registry.npmjs.org/babel-plugin-react-compiler set size:undefined disposed:false
162 silly fetch manifest @testing-library/react@*
163 silly packumentCache full:https://registry.npmjs.org/@testing-library%2freact cache-miss
164 http fetch GET 200 https://registry.npmjs.org/@testing-library%2freact 83ms (cache miss)
165 silly packumentCache full:https://registry.npmjs.org/@testing-library%2freact set size:undefined disposed:false
166 silly fetch manifest @testing-library/dom@^10.0.0
167 silly packumentCache full:https://registry.npmjs.org/@testing-library%2fdom cache-miss
168 http fetch GET 200 https://registry.npmjs.org/@testing-library%2fdom 89ms (cache miss)
169 silly packumentCache full:https://registry.npmjs.org/@testing-library%2fdom set size:undefined disposed:false
170 silly fetch manifest @types/react@^19
171 silly packumentCache full:https://registry.npmjs.org/@types%2freact cache-miss
172 http fetch GET 200 https://registry.npmjs.org/@types%2freact 64ms (cache revalidated)
173 silly packumentCache full:https://registry.npmjs.org/@types%2freact set size:2607900 disposed:false
174 silly fetch manifest @types/react-dom@^19
175 silly packumentCache full:https://registry.npmjs.org/@types%2freact-dom cache-miss
176 http fetch GET 200 https://registry.npmjs.org/@types%2freact-dom 74ms (cache miss)
177 silly packumentCache full:https://registry.npmjs.org/@types%2freact-dom set size:undefined disposed:false
178 silly fetch manifest react@19.2.4
179 silly packumentCache full:https://registry.npmjs.org/react cache-miss
180 http fetch GET 200 https://registry.npmjs.org/react 187ms (cache updated)
181 silly packumentCache full:https://registry.npmjs.org/react set size:undefined disposed:false
182 silly fetch manifest react-dom@19.2.4
183 silly packumentCache full:https://registry.npmjs.org/react-dom cache-miss
184 http fetch GET 200 https://registry.npmjs.org/react-dom 172ms (cache updated)
185 silly packumentCache full:https://registry.npmjs.org/react-dom set size:undefined disposed:false
186 silly fetch manifest @testing-library/jest-dom@*
187 silly packumentCache full:https://registry.npmjs.org/@testing-library%2fjest-dom cache-miss
188 http fetch GET 200 https://registry.npmjs.org/@testing-library%2fjest-dom 74ms (cache miss)
189 silly packumentCache full:https://registry.npmjs.org/@testing-library%2fjest-dom set size:undefined disposed:false
190 silly fetch manifest @testing-library/user-event@*
191 silly packumentCache full:https://registry.npmjs.org/@testing-library%2fuser-event cache-miss
192 http fetch GET 200 https://registry.npmjs.org/@testing-library%2fuser-event 84ms (cache miss)
193 silly packumentCache full:https://registry.npmjs.org/@testing-library%2fuser-event set size:undefined disposed:false
194 silly fetch manifest @testing-library/dom@>=7.21.4
195 silly packumentCache full:https://registry.npmjs.org/@testing-library%2fdom cache-miss
196 http cache https://registry.npmjs.org/@testing-library%2fdom 3ms (cache hit)
197 silly packumentCache full:https://registry.npmjs.org/@testing-library%2fdom set size:1097547 disposed:false
198 silly placeDep ROOT @testing-library/jest-dom@6.9.1 OK for: capstone-design@0.1.0 want: *
199 silly placeDep ROOT @testing-library/react@16.3.2 OK for: capstone-design@0.1.0 want: *
200 silly placeDep ROOT @testing-library/dom@10.4.1 OK for: @testing-library/react@16.3.2 want: ^10.0.0
201 silly placeDep ROOT @testing-library/user-event@14.6.1 OK for: capstone-design@0.1.0 want: *
202 silly placeDep ROOT @vitejs/plugin-react@6.0.2 OK for: capstone-design@0.1.0 want: *
203 silly placeDep ROOT vite@8.0.16 OK for: @vitejs/plugin-react@6.0.2 want: ^8.0.0
204 silly placeDep ROOT jsdom@29.1.1 OK for: capstone-design@0.1.0 want: *
205 silly placeDep ROOT vitest@4.1.8 OK for: capstone-design@0.1.0 want: *
206 silly fetch manifest redent@^3.0.0
207 silly packumentCache full:https://registry.npmjs.org/redent cache-miss
208 silly fetch manifest css.escape@^1.5.1
209 silly packumentCache full:https://registry.npmjs.org/css.escape cache-miss
210 silly fetch manifest @adobe/css-tools@^4.4.0
211 silly packumentCache full:https://registry.npmjs.org/@adobe%2fcss-tools cache-miss
212 silly fetch manifest dom-accessibility-api@^0.6.3
213 silly packumentCache full:https://registry.npmjs.org/dom-accessibility-api cache-miss
214 silly fetch manifest lz-string@^1.5.0
215 silly packumentCache full:https://registry.npmjs.org/lz-string cache-miss
216 silly fetch manifest aria-query@5.3.0
217 silly packumentCache full:https://registry.npmjs.org/aria-query cache-miss
218 silly fetch manifest pretty-format@^27.0.2
219 silly packumentCache full:https://registry.npmjs.org/pretty-format cache-miss
220 http fetch GET 200 https://registry.npmjs.org/css.escape 115ms (cache miss)
221 silly packumentCache full:https://registry.npmjs.org/css.escape set size:undefined disposed:false
222 silly fetch manifest @types/aria-query@^5.0.1
223 silly packumentCache full:https://registry.npmjs.org/@types%2faria-query cache-miss
224 http fetch GET 200 https://registry.npmjs.org/dom-accessibility-api 121ms (cache miss)
225 silly packumentCache full:https://registry.npmjs.org/dom-accessibility-api set size:undefined disposed:false
226 silly fetch manifest dom-accessibility-api@^0.5.9
227 silly packumentCache full:https://registry.npmjs.org/dom-accessibility-api cache-miss
228 http fetch GET 200 https://registry.npmjs.org/aria-query 122ms (cache miss)
229 silly packumentCache full:https://registry.npmjs.org/aria-query set size:undefined disposed:false
230 silly fetch manifest @rolldown/pluginutils@^1.0.0
231 silly packumentCache full:https://registry.npmjs.org/@rolldown%2fpluginutils cache-miss
232 http cache https://registry.npmjs.org/dom-accessibility-api 3ms (cache hit)
233 silly packumentCache full:https://registry.npmjs.org/dom-accessibility-api set size:175425 disposed:false
234 silly fetch manifest picomatch@^4.0.4
235 silly packumentCache full:https://registry.npmjs.org/picomatch cache-miss
236 http fetch GET 200 https://registry.npmjs.org/lz-string 127ms (cache miss)
237 silly packumentCache full:https://registry.npmjs.org/lz-string set size:undefined disposed:false
238 silly fetch manifest postcss@^8.5.15
239 silly packumentCache full:https://registry.npmjs.org/postcss cache-miss
240 http cache https://registry.npmjs.org/postcss 3ms (cache hit)
241 silly packumentCache full:https://registry.npmjs.org/postcss set size:723316 disposed:false
242 silly fetch manifest rolldown@1.0.3
243 silly packumentCache full:https://registry.npmjs.org/rolldown cache-miss
244 http cache https://registry.npmjs.org/rolldown 5ms (cache hit)
245 silly packumentCache full:https://registry.npmjs.org/rolldown set size:3719255 disposed:false
246 silly fetch manifest tinyglobby@^0.2.17
247 silly packumentCache full:https://registry.npmjs.org/tinyglobby cache-miss
248 http fetch GET 200 https://registry.npmjs.org/@adobe%2fcss-tools 153ms (cache miss)
249 silly packumentCache full:https://registry.npmjs.org/@adobe%2fcss-tools set size:undefined disposed:false
250 silly fetch manifest fsevents@~2.3.3
251 silly packumentCache full:https://registry.npmjs.org/fsevents cache-miss
252 http fetch GET 200 https://registry.npmjs.org/pretty-format 159ms (cache miss)
253 silly packumentCache full:https://registry.npmjs.org/pretty-format set size:undefined disposed:false
254 silly fetch manifest @asamuzakjp/css-color@^5.1.11
255 silly packumentCache full:https://registry.npmjs.org/@asamuzakjp%2fcss-color cache-miss
256 http fetch GET 200 https://registry.npmjs.org/@types%2faria-query 53ms (cache miss)
257 silly packumentCache full:https://registry.npmjs.org/@types%2faria-query set size:undefined disposed:false
258 silly fetch manifest @asamuzakjp/dom-selector@^7.1.1
259 silly packumentCache full:https://registry.npmjs.org/@asamuzakjp%2fdom-selector cache-miss
260 http fetch GET 200 https://registry.npmjs.org/picomatch 61ms (cache miss)
261 silly packumentCache full:https://registry.npmjs.org/picomatch set size:undefined disposed:false
262 silly fetch manifest @bramus/specificity@^2.4.2
263 silly packumentCache full:https://registry.npmjs.org/@bramus%2fspecificity cache-miss
264 http fetch GET 200 https://registry.npmjs.org/@rolldown%2fpluginutils 66ms (cache miss)
265 silly packumentCache full:https://registry.npmjs.org/@rolldown%2fpluginutils set size:undefined disposed:false
266 silly fetch manifest @csstools/css-syntax-patches-for-csstree@^1.1.3
267 silly packumentCache full:https://registry.npmjs.org/@csstools%2fcss-syntax-patches-for-csstree cache-miss
268 http fetch GET 200 https://registry.npmjs.org/tinyglobby 52ms (cache miss)
269 silly packumentCache full:https://registry.npmjs.org/tinyglobby set size:undefined disposed:false
270 silly fetch manifest @exodus/bytes@^1.15.0
271 silly packumentCache full:https://registry.npmjs.org/@exodus%2fbytes cache-miss
272 http fetch GET 200 https://registry.npmjs.org/fsevents 48ms (cache miss)
273 silly packumentCache full:https://registry.npmjs.org/fsevents set size:undefined disposed:false
274 silly fetch manifest css-tree@^3.2.1
275 silly packumentCache full:https://registry.npmjs.org/css-tree cache-miss
276 http fetch GET 200 https://registry.npmjs.org/redent 209ms (cache miss)
277 silly packumentCache full:https://registry.npmjs.org/redent set size:undefined disposed:false
278 silly fetch manifest data-urls@^7.0.0
279 silly packumentCache full:https://registry.npmjs.org/data-urls cache-miss
280 http fetch GET 200 https://registry.npmjs.org/@csstools%2fcss-syntax-patches-for-csstree 52ms (cache miss)
281 silly packumentCache full:https://registry.npmjs.org/@csstools%2fcss-syntax-patches-for-csstree set size:undefined disposed:false
282 silly fetch manifest decimal.js@^10.6.0
283 silly packumentCache full:https://registry.npmjs.org/decimal.js cache-miss
284 http fetch GET 200 https://registry.npmjs.org/data-urls 34ms (cache miss)
285 silly packumentCache full:https://registry.npmjs.org/data-urls set size:undefined disposed:false
286 silly fetch manifest html-encoding-sniffer@^6.0.0
287 silly packumentCache full:https://registry.npmjs.org/html-encoding-sniffer cache-miss
288 http fetch GET 200 https://registry.npmjs.org/@bramus%2fspecificity 56ms (cache miss)
289 silly packumentCache full:https://registry.npmjs.org/@bramus%2fspecificity set size:undefined disposed:false
290 silly fetch manifest is-potential-custom-element-name@^1.0.1
291 silly packumentCache full:https://registry.npmjs.org/is-potential-custom-element-name cache-miss
292 http fetch GET 200 https://registry.npmjs.org/css-tree 56ms (cache miss)
293 silly packumentCache full:https://registry.npmjs.org/css-tree set size:undefined disposed:false
294 silly fetch manifest lru-cache@^11.3.5
295 silly packumentCache full:https://registry.npmjs.org/lru-cache cache-miss
296 http fetch GET 200 https://registry.npmjs.org/@exodus%2fbytes 68ms (cache miss)
297 silly packumentCache full:https://registry.npmjs.org/@exodus%2fbytes set size:undefined disposed:false
298 silly fetch manifest parse5@^8.0.1
299 silly packumentCache full:https://registry.npmjs.org/parse5 cache-miss
300 http fetch GET 200 https://registry.npmjs.org/is-potential-custom-element-name 52ms (cache miss)
301 silly packumentCache full:https://registry.npmjs.org/is-potential-custom-element-name set size:undefined disposed:false
302 silly fetch manifest saxes@^6.0.0
303 silly packumentCache full:https://registry.npmjs.org/saxes cache-miss
304 http fetch GET 200 https://registry.npmjs.org/html-encoding-sniffer 54ms (cache miss)
305 silly packumentCache full:https://registry.npmjs.org/html-encoding-sniffer set size:undefined disposed:false
306 silly fetch manifest symbol-tree@^3.2.4
307 silly packumentCache full:https://registry.npmjs.org/symbol-tree cache-miss
308 http fetch GET 200 https://registry.npmjs.org/decimal.js 56ms (cache miss)
309 silly packumentCache full:https://registry.npmjs.org/decimal.js set size:undefined disposed:false
310 silly fetch manifest tough-cookie@^6.0.1
311 silly packumentCache full:https://registry.npmjs.org/tough-cookie cache-miss
312 http fetch GET 200 https://registry.npmjs.org/parse5 53ms (cache revalidated)
313 silly packumentCache full:https://registry.npmjs.org/parse5 set size:123116 disposed:false
314 silly fetch manifest undici@^7.25.0
315 silly packumentCache full:https://registry.npmjs.org/undici cache-miss
316 http fetch GET 200 https://registry.npmjs.org/lru-cache 73ms (cache miss)
317 silly packumentCache full:https://registry.npmjs.org/lru-cache set size:undefined disposed:false
318 silly fetch manifest w3c-xmlserializer@^5.0.0
319 silly packumentCache full:https://registry.npmjs.org/w3c-xmlserializer cache-miss
320 http fetch GET 200 https://registry.npmjs.org/symbol-tree 42ms (cache miss)
321 silly packumentCache full:https://registry.npmjs.org/symbol-tree set size:undefined disposed:false
322 silly fetch manifest webidl-conversions@^8.0.1
323 silly packumentCache full:https://registry.npmjs.org/webidl-conversions cache-miss
324 http fetch GET 200 https://registry.npmjs.org/tough-cookie 42ms (cache miss)
325 silly packumentCache full:https://registry.npmjs.org/tough-cookie set size:undefined disposed:false
326 silly fetch manifest whatwg-mimetype@^5.0.0
327 silly packumentCache full:https://registry.npmjs.org/whatwg-mimetype cache-miss
328 http fetch GET 200 https://registry.npmjs.org/webidl-conversions 34ms (cache miss)
329 silly packumentCache full:https://registry.npmjs.org/webidl-conversions set size:undefined disposed:false
330 silly fetch manifest whatwg-url@^16.0.1
331 silly packumentCache full:https://registry.npmjs.org/whatwg-url cache-miss
332 http fetch GET 200 https://registry.npmjs.org/whatwg-mimetype 39ms (cache miss)
333 silly packumentCache full:https://registry.npmjs.org/whatwg-mimetype set size:undefined disposed:false
334 silly fetch manifest xml-name-validator@^5.0.0
335 silly packumentCache full:https://registry.npmjs.org/xml-name-validator cache-miss
336 http fetch GET 200 https://registry.npmjs.org/@asamuzakjp%2fcss-color 219ms (cache miss)
337 silly packumentCache full:https://registry.npmjs.org/@asamuzakjp%2fcss-color set size:undefined disposed:false
338 silly fetch manifest obug@^2.1.1
339 silly packumentCache full:https://registry.npmjs.org/obug cache-miss
340 http fetch GET 200 https://registry.npmjs.org/w3c-xmlserializer 59ms (cache miss)
341 silly packumentCache full:https://registry.npmjs.org/w3c-xmlserializer set size:undefined disposed:false
342 silly fetch manifest pathe@^2.0.3
343 silly packumentCache full:https://registry.npmjs.org/pathe cache-miss
344 http fetch GET 200 https://registry.npmjs.org/saxes 101ms (cache miss)
345 silly packumentCache full:https://registry.npmjs.org/saxes set size:undefined disposed:false
346 silly fetch manifest std-env@^4.0.0-rc.1
347 silly packumentCache full:https://registry.npmjs.org/std-env cache-miss
348 http fetch GET 200 https://registry.npmjs.org/@asamuzakjp%2fdom-selector 256ms (cache miss)
349 silly packumentCache full:https://registry.npmjs.org/@asamuzakjp%2fdom-selector set size:undefined disposed:false
350 silly fetch manifest picomatch@^4.0.3
351 silly packumentCache full:https://registry.npmjs.org/picomatch cache-miss
352 http fetch GET 200 https://registry.npmjs.org/whatwg-url 56ms (cache miss)
353 silly packumentCache full:https://registry.npmjs.org/whatwg-url set size:undefined disposed:false
354 silly fetch manifest tinybench@^2.9.0
355 silly packumentCache full:https://registry.npmjs.org/tinybench cache-miss
356 http fetch GET 200 https://registry.npmjs.org/xml-name-validator 51ms (cache miss)
357 silly packumentCache full:https://registry.npmjs.org/xml-name-validator set size:undefined disposed:false
358 silly fetch manifest @vitest/spy@4.1.8
359 silly packumentCache full:https://registry.npmjs.org/@vitest%2fspy cache-miss
360 http cache https://registry.npmjs.org/picomatch 5ms (cache hit)
361 silly packumentCache full:https://registry.npmjs.org/picomatch set size:126376 disposed:false
362 silly fetch manifest expect-type@^1.3.0
363 silly packumentCache full:https://registry.npmjs.org/expect-type cache-miss
364 http fetch GET 200 https://registry.npmjs.org/obug 53ms (cache miss)
365 silly packumentCache full:https://registry.npmjs.org/obug set size:undefined disposed:false
366 silly fetch manifest tinyrainbow@^3.1.0
367 silly packumentCache full:https://registry.npmjs.org/tinyrainbow cache-miss
368 http fetch GET 200 https://registry.npmjs.org/std-env 44ms (cache miss)
369 silly packumentCache full:https://registry.npmjs.org/std-env set size:undefined disposed:false
370 silly fetch manifest @vitest/utils@4.1.8
371 silly packumentCache full:https://registry.npmjs.org/@vitest%2futils cache-miss
372 http fetch GET 200 https://registry.npmjs.org/pathe 47ms (cache miss)
373 silly packumentCache full:https://registry.npmjs.org/pathe set size:undefined disposed:false
374 silly fetch manifest @vitest/expect@4.1.8
375 silly packumentCache full:https://registry.npmjs.org/@vitest%2fexpect cache-miss
376 http fetch GET 200 https://registry.npmjs.org/undici 121ms (cache miss)
377 silly packumentCache full:https://registry.npmjs.org/undici set size:undefined disposed:false
378 silly fetch manifest @vitest/mocker@4.1.8
379 silly packumentCache full:https://registry.npmjs.org/@vitest%2fmocker cache-miss
380 http fetch GET 200 https://registry.npmjs.org/tinybench 43ms (cache miss)
381 silly packumentCache full:https://registry.npmjs.org/tinybench set size:undefined disposed:false
382 silly fetch manifest @vitest/runner@4.1.8
383 silly packumentCache full:https://registry.npmjs.org/@vitest%2frunner cache-miss
384 http fetch GET 200 https://registry.npmjs.org/expect-type 48ms (cache miss)
385 silly packumentCache full:https://registry.npmjs.org/expect-type set size:undefined disposed:false
386 silly fetch manifest es-module-lexer@^2.0.0
387 silly packumentCache full:https://registry.npmjs.org/es-module-lexer cache-miss
388 http fetch GET 200 https://registry.npmjs.org/@vitest%2fspy 75ms (cache miss)
389 silly packumentCache full:https://registry.npmjs.org/@vitest%2fspy set size:undefined disposed:false
390 silly fetch manifest @vitest/snapshot@4.1.8
391 silly packumentCache full:https://registry.npmjs.org/@vitest%2fsnapshot cache-miss
392 http fetch GET 200 https://registry.npmjs.org/@vitest%2futils 70ms (cache miss)
393 silly packumentCache full:https://registry.npmjs.org/@vitest%2futils set size:undefined disposed:false
394 silly fetch manifest why-is-node-running@^2.3.0
395 silly packumentCache full:https://registry.npmjs.org/why-is-node-running cache-miss
396 http fetch GET 200 https://registry.npmjs.org/@vitest%2fexpect 72ms (cache miss)
397 silly packumentCache full:https://registry.npmjs.org/@vitest%2fexpect set size:undefined disposed:false
398 silly fetch manifest @vitest/pretty-format@4.1.8
399 silly packumentCache full:https://registry.npmjs.org/@vitest%2fpretty-format cache-miss
400 http fetch GET 200 https://registry.npmjs.org/@vitest%2fmocker 74ms (cache miss)
401 silly packumentCache full:https://registry.npmjs.org/@vitest%2fmocker set size:undefined disposed:false
402 http fetch GET 200 https://registry.npmjs.org/es-module-lexer 63ms (cache miss)
403 silly packumentCache full:https://registry.npmjs.org/es-module-lexer set size:undefined disposed:false
404 http fetch GET 200 https://registry.npmjs.org/@vitest%2frunner 74ms (cache miss)
405 silly packumentCache full:https://registry.npmjs.org/@vitest%2frunner set size:undefined disposed:false
406 http fetch GET 200 https://registry.npmjs.org/@vitest%2fsnapshot 67ms (cache miss)
407 silly packumentCache full:https://registry.npmjs.org/@vitest%2fsnapshot set size:undefined disposed:false
408 http fetch GET 200 https://registry.npmjs.org/tinyrainbow 213ms (cache miss)
409 silly packumentCache full:https://registry.npmjs.org/tinyrainbow set size:undefined disposed:false
410 http fetch GET 200 https://registry.npmjs.org/why-is-node-running 231ms (cache miss)
411 silly packumentCache full:https://registry.npmjs.org/why-is-node-running set size:undefined disposed:false
412 http fetch GET 200 https://registry.npmjs.org/@vitest%2fpretty-format 247ms (cache miss)
413 silly packumentCache full:https://registry.npmjs.org/@vitest%2fpretty-format set size:undefined disposed:false
414 silly placeDep ROOT @types/aria-query@5.0.4 OK for: @testing-library/dom@10.4.1 want: ^5.0.1
415 silly placeDep node_modules/@testing-library/dom aria-query@5.3.0 OK for: @testing-library/dom@10.4.1 want: 5.3.0
416 silly placeDep ROOT dom-accessibility-api@0.5.16 OK for: @testing-library/dom@10.4.1 want: ^0.5.9
417 silly placeDep ROOT lz-string@1.5.0 OK for: @testing-library/dom@10.4.1 want: ^1.5.0
418 silly placeDep node_modules/@testing-library/dom pretty-format@27.5.1 OK for: @testing-library/dom@10.4.1 want: ^27.0.2
419 silly fetch manifest react-is@^17.0.1
420 silly packumentCache full:https://registry.npmjs.org/react-is cache-miss
421 silly fetch manifest ansi-regex@^5.0.1
422 silly packumentCache full:https://registry.npmjs.org/ansi-regex cache-miss
423 silly fetch manifest ansi-styles@^5.0.0
424 silly packumentCache full:https://registry.npmjs.org/ansi-styles cache-miss
425 http fetch GET 200 https://registry.npmjs.org/ansi-styles 34ms (cache miss)
426 silly packumentCache full:https://registry.npmjs.org/ansi-styles set size:undefined disposed:false
427 http fetch GET 200 https://registry.npmjs.org/ansi-regex 49ms (cache miss)
428 silly packumentCache full:https://registry.npmjs.org/ansi-regex set size:undefined disposed:false
429 http fetch GET 200 https://registry.npmjs.org/react-is 206ms (cache miss)
430 silly packumentCache full:https://registry.npmjs.org/react-is set size:undefined disposed:false
431 silly placeDep ROOT @adobe/css-tools@4.5.0 OK for: @testing-library/jest-dom@6.9.1 want: ^4.4.0
432 silly placeDep ROOT css.escape@1.5.1 OK for: @testing-library/jest-dom@6.9.1 want: ^1.5.1
433 silly placeDep node_modules/@testing-library/jest-dom dom-accessibility-api@0.6.3 OK for: @testing-library/jest-dom@6.9.1 want: ^0.6.3
434 silly placeDep ROOT redent@3.0.0 OK for: @testing-library/jest-dom@6.9.1 want: ^3.0.0
435 silly fetch manifest indent-string@^4.0.0
436 silly packumentCache full:https://registry.npmjs.org/indent-string cache-miss
437 silly fetch manifest strip-indent@^3.0.0
438 silly packumentCache full:https://registry.npmjs.org/strip-indent cache-miss
439 http fetch GET 200 https://registry.npmjs.org/indent-string 41ms (cache miss)
440 silly packumentCache full:https://registry.npmjs.org/indent-string set size:undefined disposed:false
441 http fetch GET 200 https://registry.npmjs.org/strip-indent 41ms (cache miss)
442 silly packumentCache full:https://registry.npmjs.org/strip-indent set size:undefined disposed:false
443 silly placeDep ROOT @rolldown/pluginutils@1.0.1 OK for: @vitejs/plugin-react@6.0.2 want: ^1.0.0
444 silly fetch manifest @noble/hashes@^1.8.0 || ^2.0.0
445 silly packumentCache full:https://registry.npmjs.org/@noble%2fhashes cache-miss
446 http fetch GET 200 https://registry.npmjs.org/@noble%2fhashes 63ms (cache miss)
447 silly packumentCache full:https://registry.npmjs.org/@noble%2fhashes set size:undefined disposed:false
448 silly placeDep ROOT @asamuzakjp/css-color@5.1.11 OK for: jsdom@29.1.1 want: ^5.1.11
449 silly placeDep ROOT @asamuzakjp/dom-selector@7.1.1 OK for: jsdom@29.1.1 want: ^7.1.1
450 silly placeDep ROOT @bramus/specificity@2.4.2 OK for: jsdom@29.1.1 want: ^2.4.2
451 silly placeDep ROOT @csstools/css-syntax-patches-for-csstree@1.1.4 OK for: jsdom@29.1.1 want: ^1.1.3
452 silly placeDep ROOT @exodus/bytes@1.15.1 OK for: jsdom@29.1.1 want: ^1.15.0
453 silly placeDep ROOT css-tree@3.2.1 OK for: jsdom@29.1.1 want: ^3.2.1
454 silly placeDep ROOT data-urls@7.0.0 OK for: jsdom@29.1.1 want: ^7.0.0
455 silly placeDep ROOT decimal.js@10.6.0 OK for: jsdom@29.1.1 want: ^10.6.0
456 silly placeDep ROOT html-encoding-sniffer@6.0.0 OK for: jsdom@29.1.1 want: ^6.0.0
457 silly placeDep ROOT is-potential-custom-element-name@1.0.1 OK for: jsdom@29.1.1 want: ^1.0.1
458 silly placeDep node_modules/jsdom lru-cache@11.5.1 OK for: jsdom@29.1.1 want: ^11.3.5
459 silly placeDep node_modules/jsdom parse5@8.0.1 OK for: jsdom@29.1.1 want: ^8.0.1
460 silly placeDep ROOT saxes@6.0.0 OK for: jsdom@29.1.1 want: ^6.0.0
461 silly placeDep ROOT symbol-tree@3.2.4 OK for: jsdom@29.1.1 want: ^3.2.4
462 silly placeDep ROOT tough-cookie@6.0.1 OK for: jsdom@29.1.1 want: ^6.0.1
463 silly placeDep ROOT undici@7.26.0 OK for: jsdom@29.1.1 want: ^7.25.0
464 silly placeDep ROOT w3c-xmlserializer@5.0.0 OK for: jsdom@29.1.1 want: ^5.0.0
465 silly placeDep ROOT webidl-conversions@8.0.1 OK for: jsdom@29.1.1 want: ^8.0.1
466 silly placeDep ROOT whatwg-mimetype@5.0.0 OK for: jsdom@29.1.1 want: ^5.0.0
467 silly placeDep ROOT whatwg-url@16.0.1 OK for: jsdom@29.1.1 want: ^16.0.1
468 silly placeDep ROOT xml-name-validator@5.0.0 OK for: jsdom@29.1.1 want: ^5.0.0
469 silly fetch manifest @csstools/css-calc@^3.2.0
470 silly packumentCache full:https://registry.npmjs.org/@csstools%2fcss-calc cache-miss
471 silly fetch manifest @csstools/css-tokenizer@^4.0.0
472 silly packumentCache full:https://registry.npmjs.org/@csstools%2fcss-tokenizer cache-miss
473 silly fetch manifest @csstools/css-color-parser@^4.1.0
474 silly packumentCache full:https://registry.npmjs.org/@csstools%2fcss-color-parser cache-miss
475 silly fetch manifest @asamuzakjp/generational-cache@^1.0.1
476 silly packumentCache full:https://registry.npmjs.org/@asamuzakjp%2fgenerational-cache cache-miss
477 silly fetch manifest @csstools/css-parser-algorithms@^4.0.0
478 silly packumentCache full:https://registry.npmjs.org/@csstools%2fcss-parser-algorithms cache-miss
479 silly fetch manifest bidi-js@^1.0.3
480 silly packumentCache full:https://registry.npmjs.org/bidi-js cache-miss
481 silly fetch manifest @asamuzakjp/nwsapi@^2.3.9
482 silly packumentCache full:https://registry.npmjs.org/@asamuzakjp%2fnwsapi cache-miss
483 http fetch GET 200 https://registry.npmjs.org/bidi-js 45ms (cache miss)
484 silly packumentCache full:https://registry.npmjs.org/bidi-js set size:undefined disposed:false
485 silly fetch manifest @asamuzakjp/generational-cache@^1.0.1
486 silly packumentCache full:https://registry.npmjs.org/@asamuzakjp%2fgenerational-cache cache-miss
487 http fetch GET 200 https://registry.npmjs.org/@csstools%2fcss-tokenizer 60ms (cache miss)
488 silly packumentCache full:https://registry.npmjs.org/@csstools%2fcss-tokenizer set size:undefined disposed:false
489 silly fetch manifest css-tree@^3.0.0
490 silly packumentCache full:https://registry.npmjs.org/css-tree cache-miss
491 http cache https://registry.npmjs.org/css-tree 1ms (cache hit)
492 silly packumentCache full:https://registry.npmjs.org/css-tree set size:229638 disposed:false
493 silly fetch manifest mdn-data@2.27.1
494 silly packumentCache full:https://registry.npmjs.org/mdn-data cache-miss
495 http fetch GET 200 https://registry.npmjs.org/mdn-data 47ms (cache miss)
496 silly packumentCache full:https://registry.npmjs.org/mdn-data set size:undefined disposed:false
497 silly fetch manifest whatwg-url@^16.0.0
498 silly packumentCache full:https://registry.npmjs.org/whatwg-url cache-miss
499 http cache https://registry.npmjs.org/whatwg-url 1ms (cache hit)
500 silly packumentCache full:https://registry.npmjs.org/whatwg-url set size:170765 disposed:false
501 silly fetch manifest entities@^8.0.0
502 silly packumentCache full:https://registry.npmjs.org/entities cache-miss
503 http fetch GET 200 https://registry.npmjs.org/entities 45ms (cache revalidated)
504 silly packumentCache full:https://registry.npmjs.org/entities set size:101550 disposed:false
505 silly fetch manifest xmlchars@^2.2.0
506 silly packumentCache full:https://registry.npmjs.org/xmlchars cache-miss
507 http fetch GET 200 https://registry.npmjs.org/xmlchars 45ms (cache miss)
508 silly packumentCache full:https://registry.npmjs.org/xmlchars set size:undefined disposed:false
509 silly fetch manifest tldts@^7.0.5
510 silly packumentCache full:https://registry.npmjs.org/tldts cache-miss
511 http fetch GET 200 https://registry.npmjs.org/@csstools%2fcss-parser-algorithms 240ms (cache miss)
512 silly packumentCache full:https://registry.npmjs.org/@csstools%2fcss-parser-algorithms set size:undefined disposed:false
513 silly fetch manifest tr46@^6.0.0
514 silly packumentCache full:https://registry.npmjs.org/tr46 cache-miss
515 http fetch GET 200 https://registry.npmjs.org/@csstools%2fcss-color-parser 242ms (cache miss)
516 silly packumentCache full:https://registry.npmjs.org/@csstools%2fcss-color-parser set size:undefined disposed:false
517 http fetch GET 200 https://registry.npmjs.org/@asamuzakjp%2fnwsapi 242ms (cache miss)
518 silly packumentCache full:https://registry.npmjs.org/@asamuzakjp%2fnwsapi set size:undefined disposed:false
519 http fetch GET 200 https://registry.npmjs.org/@asamuzakjp%2fgenerational-cache 244ms (cache miss)
520 silly packumentCache full:https://registry.npmjs.org/@asamuzakjp%2fgenerational-cache set size:undefined disposed:false
521 http fetch GET 200 https://registry.npmjs.org/@asamuzakjp%2fgenerational-cache 198ms (cache miss)
522 silly packumentCache full:https://registry.npmjs.org/@asamuzakjp%2fgenerational-cache set size:undefined disposed:false
523 http fetch GET 200 https://registry.npmjs.org/@csstools%2fcss-calc 244ms (cache miss)
524 silly packumentCache full:https://registry.npmjs.org/@csstools%2fcss-calc set size:undefined disposed:false
525 http fetch GET 200 https://registry.npmjs.org/tr46 51ms (cache miss)
526 silly packumentCache full:https://registry.npmjs.org/tr46 set size:undefined disposed:false
527 http fetch GET 200 https://registry.npmjs.org/tldts 163ms (cache miss)
528 silly packumentCache full:https://registry.npmjs.org/tldts set size:undefined disposed:false
529 silly placeDep ROOT @asamuzakjp/generational-cache@1.0.1 OK for: @asamuzakjp/css-color@5.1.11 want: ^1.0.1
530 silly placeDep ROOT @csstools/css-calc@3.2.1 OK for: @asamuzakjp/css-color@5.1.11 want: ^3.2.0
531 silly placeDep ROOT @csstools/css-parser-algorithms@4.0.0 OK for: @csstools/css-calc@3.2.1 want: ^4.0.0
532 silly placeDep ROOT @csstools/css-tokenizer@4.0.0 OK for: @csstools/css-parser-algorithms@4.0.0 want: ^4.0.0
533 silly placeDep ROOT @csstools/css-color-parser@4.1.1 OK for: @asamuzakjp/css-color@5.1.11 want: ^4.1.0
534 silly fetch manifest @csstools/color-helpers@^6.0.2
535 silly packumentCache full:https://registry.npmjs.org/@csstools%2fcolor-helpers cache-miss
536 http fetch GET 200 https://registry.npmjs.org/@csstools%2fcolor-helpers 238ms (cache miss)
537 silly packumentCache full:https://registry.npmjs.org/@csstools%2fcolor-helpers set size:undefined disposed:false
538 silly placeDep ROOT @asamuzakjp/nwsapi@2.3.9 OK for: @asamuzakjp/dom-selector@7.1.1 want: ^2.3.9
539 silly placeDep ROOT bidi-js@1.0.3 OK for: @asamuzakjp/dom-selector@7.1.1 want: ^1.0.3
540 silly fetch manifest require-from-string@^2.0.2
541 silly packumentCache full:https://registry.npmjs.org/require-from-string cache-miss
542 http fetch GET 200 https://registry.npmjs.org/require-from-string 41ms (cache miss)
543 silly packumentCache full:https://registry.npmjs.org/require-from-string set size:undefined disposed:false
544 silly placeDep ROOT @csstools/color-helpers@6.0.2 OK for: @csstools/css-color-parser@4.1.1 want: ^6.0.2
545 silly placeDep ROOT require-from-string@2.0.2 OK for: bidi-js@1.0.3 want: ^2.0.2
546 silly placeDep ROOT mdn-data@2.27.1 OK for: css-tree@3.2.1 want: 2.27.1
547 silly placeDep ROOT indent-string@4.0.0 OK for: redent@3.0.0 want: ^4.0.0
548 silly placeDep ROOT strip-indent@3.0.0 OK for: redent@3.0.0 want: ^3.0.0
549 silly fetch manifest min-indent@^1.0.0
550 silly packumentCache full:https://registry.npmjs.org/min-indent cache-miss
551 http fetch GET 200 https://registry.npmjs.org/min-indent 36ms (cache miss)
552 silly packumentCache full:https://registry.npmjs.org/min-indent set size:undefined disposed:false
553 silly placeDep ROOT xmlchars@2.2.0 OK for: saxes@6.0.0 want: ^2.2.0
554 silly placeDep ROOT min-indent@1.0.1 OK for: strip-indent@3.0.0 want: ^1.0.0
555 silly placeDep ROOT tldts@7.4.2 OK for: tough-cookie@6.0.1 want: ^7.0.5
556 silly fetch manifest tldts-core@^7.4.2
557 silly packumentCache full:https://registry.npmjs.org/tldts-core cache-miss
558 http fetch GET 200 https://registry.npmjs.org/tldts-core 122ms (cache miss)
559 silly packumentCache full:https://registry.npmjs.org/tldts-core set size:undefined disposed:false
560 silly placeDep ROOT tldts-core@7.4.2 OK for: tldts@7.4.2 want: ^7.4.2
561 silly placeDep ROOT fsevents@2.3.3 OK for: vite@8.0.16 want: ~2.3.3
562 silly placeDep node_modules/vite picomatch@4.0.4 OK for: vite@8.0.16 want: ^4.0.4
563 silly placeDep ROOT postcss@8.5.15 REPLACE for: vite@8.0.16 want: ^8.5.15
564 silly placeDep ROOT rolldown@1.0.3 OK for: vite@8.0.16 want: 1.0.3
565 silly placeDep ROOT tinyglobby@0.2.17 REPLACE for: vite@8.0.16 want: ^0.2.17
566 silly fetch manifest nanoid@^3.3.12
567 silly packumentCache full:https://registry.npmjs.org/nanoid cache-miss
568 silly fetch manifest @oxc-project/types@=0.133.0
569 silly packumentCache full:https://registry.npmjs.org/@oxc-project%2ftypes cache-miss
570 silly fetch manifest @rolldown/binding-darwin-x64@1.0.3
571 silly packumentCache full:https://registry.npmjs.org/@rolldown%2fbinding-darwin-x64 cache-miss
572 silly fetch manifest @rolldown/binding-win32-x64-msvc@1.0.3
573 silly packumentCache full:https://registry.npmjs.org/@rolldown%2fbinding-win32-x64-msvc cache-miss
574 silly fetch manifest @rolldown/binding-linux-x64-gnu@1.0.3
575 silly packumentCache full:https://registry.npmjs.org/@rolldown%2fbinding-linux-x64-gnu cache-miss
576 silly fetch manifest @rolldown/binding-linux-x64-musl@1.0.3
577 silly packumentCache full:https://registry.npmjs.org/@rolldown%2fbinding-linux-x64-musl cache-miss
578 silly fetch manifest @rolldown/binding-freebsd-x64@1.0.3
579 silly packumentCache full:https://registry.npmjs.org/@rolldown%2fbinding-freebsd-x64 cache-miss
580 http fetch GET 200 https://registry.npmjs.org/@oxc-project%2ftypes 66ms (cache miss)
581 silly packumentCache full:https://registry.npmjs.org/@oxc-project%2ftypes set size:undefined disposed:false
582 silly fetch manifest @rolldown/binding-linux-arm-gnueabihf@1.0.3
583 silly packumentCache full:https://registry.npmjs.org/@rolldown%2fbinding-linux-arm-gnueabihf cache-miss
584 http fetch GET 200 https://registry.npmjs.org/nanoid 68ms (cache miss)
585 silly packumentCache full:https://registry.npmjs.org/nanoid set size:undefined disposed:false
586 silly fetch manifest @rolldown/binding-linux-arm64-gnu@1.0.3
587 silly packumentCache full:https://registry.npmjs.org/@rolldown%2fbinding-linux-arm64-gnu cache-miss
588 http fetch GET 200 https://registry.npmjs.org/@rolldown%2fbinding-freebsd-x64 84ms (cache miss)
589 silly packumentCache full:https://registry.npmjs.org/@rolldown%2fbinding-freebsd-x64 set size:undefined disposed:false
590 silly fetch manifest @rolldown/binding-darwin-arm64@1.0.3
591 silly packumentCache full:https://registry.npmjs.org/@rolldown%2fbinding-darwin-arm64 cache-miss
592 http fetch GET 200 https://registry.npmjs.org/@rolldown%2fbinding-darwin-x64 94ms (cache miss)
593 silly packumentCache full:https://registry.npmjs.org/@rolldown%2fbinding-darwin-x64 set size:undefined disposed:false
594 silly fetch manifest @rolldown/binding-linux-arm64-musl@1.0.3
595 silly packumentCache full:https://registry.npmjs.org/@rolldown%2fbinding-linux-arm64-musl cache-miss
596 http fetch GET 200 https://registry.npmjs.org/@rolldown%2fbinding-win32-x64-msvc 107ms (cache miss)
597 silly packumentCache full:https://registry.npmjs.org/@rolldown%2fbinding-win32-x64-msvc set size:undefined disposed:false
598 silly fetch manifest @rolldown/binding-openharmony-arm64@1.0.3
599 silly packumentCache full:https://registry.npmjs.org/@rolldown%2fbinding-openharmony-arm64 cache-miss
600 http fetch GET 200 https://registry.npmjs.org/@rolldown%2fbinding-darwin-arm64 93ms (cache miss)
601 silly packumentCache full:https://registry.npmjs.org/@rolldown%2fbinding-darwin-arm64 set size:undefined disposed:false
602 silly fetch manifest @rolldown/binding-win32-arm64-msvc@1.0.3
603 silly packumentCache full:https://registry.npmjs.org/@rolldown%2fbinding-win32-arm64-msvc cache-miss
604 http fetch GET 200 https://registry.npmjs.org/@rolldown%2fbinding-openharmony-arm64 76ms (cache miss)
605 silly packumentCache full:https://registry.npmjs.org/@rolldown%2fbinding-openharmony-arm64 set size:undefined disposed:false
606 silly fetch manifest @rolldown/binding-android-arm64@1.0.3
607 silly packumentCache full:https://registry.npmjs.org/@rolldown%2fbinding-android-arm64 cache-miss
608 http fetch GET 200 https://registry.npmjs.org/@rolldown%2fbinding-linux-arm-gnueabihf 122ms (cache miss)
609 silly packumentCache full:https://registry.npmjs.org/@rolldown%2fbinding-linux-arm-gnueabihf set size:undefined disposed:false
610 silly fetch manifest @rolldown/binding-wasm32-wasi@1.0.3
611 silly packumentCache full:https://registry.npmjs.org/@rolldown%2fbinding-wasm32-wasi cache-miss
612 http fetch GET 200 https://registry.npmjs.org/@rolldown%2fbinding-linux-arm64-musl 96ms (cache miss)
613 silly packumentCache full:https://registry.npmjs.org/@rolldown%2fbinding-linux-arm64-musl set size:undefined disposed:false
614 silly fetch manifest @rolldown/binding-linux-s390x-gnu@1.0.3
615 silly packumentCache full:https://registry.npmjs.org/@rolldown%2fbinding-linux-s390x-gnu cache-miss
616 http fetch GET 200 https://registry.npmjs.org/@rolldown%2fbinding-android-arm64 62ms (cache miss)
617 silly packumentCache full:https://registry.npmjs.org/@rolldown%2fbinding-android-arm64 set size:undefined disposed:false
618 silly fetch manifest @rolldown/binding-linux-ppc64-gnu@1.0.3
619 silly packumentCache full:https://registry.npmjs.org/@rolldown%2fbinding-linux-ppc64-gnu cache-miss
620 http fetch GET 200 https://registry.npmjs.org/@rolldown%2fbinding-linux-arm64-gnu 197ms (cache miss)
621 silly packumentCache full:https://registry.npmjs.org/@rolldown%2fbinding-linux-arm64-gnu set size:undefined disposed:false
622 http fetch GET 200 https://registry.npmjs.org/@rolldown%2fbinding-linux-s390x-gnu 86ms (cache miss)
623 silly packumentCache full:https://registry.npmjs.org/@rolldown%2fbinding-linux-s390x-gnu set size:undefined disposed:false
624 http fetch GET 200 https://registry.npmjs.org/@rolldown%2fbinding-linux-x64-gnu 288ms (cache miss)
625 silly packumentCache full:https://registry.npmjs.org/@rolldown%2fbinding-linux-x64-gnu set size:undefined disposed:false
626 http fetch GET 200 https://registry.npmjs.org/@rolldown%2fbinding-linux-x64-musl 291ms (cache miss)
627 silly packumentCache full:https://registry.npmjs.org/@rolldown%2fbinding-linux-x64-musl set size:undefined disposed:false
628 http fetch GET 200 https://registry.npmjs.org/@rolldown%2fbinding-win32-arm64-msvc 116ms (cache miss)
629 silly packumentCache full:https://registry.npmjs.org/@rolldown%2fbinding-win32-arm64-msvc set size:undefined disposed:false
630 http fetch GET 200 https://registry.npmjs.org/@rolldown%2fbinding-wasm32-wasi 112ms (cache miss)
631 silly packumentCache full:https://registry.npmjs.org/@rolldown%2fbinding-wasm32-wasi set size:undefined disposed:false
632 http fetch GET 200 https://registry.npmjs.org/@rolldown%2fbinding-linux-ppc64-gnu 230ms (cache miss)
633 silly packumentCache full:https://registry.npmjs.org/@rolldown%2fbinding-linux-ppc64-gnu set size:undefined disposed:false
634 silly placeDep ROOT nanoid@3.3.12 REPLACE for: postcss@8.5.15 want: ^3.3.12
635 silly placeDep ROOT @oxc-project/types@0.133.0 OK for: rolldown@1.0.3 want: =0.133.0
636 silly placeDep ROOT @rolldown/binding-android-arm64@1.0.3 OK for: rolldown@1.0.3 want: 1.0.3
637 silly placeDep ROOT @rolldown/binding-darwin-arm64@1.0.3 OK for: rolldown@1.0.3 want: 1.0.3
638 silly placeDep ROOT @rolldown/binding-darwin-x64@1.0.3 OK for: rolldown@1.0.3 want: 1.0.3
639 silly placeDep ROOT @rolldown/binding-freebsd-x64@1.0.3 OK for: rolldown@1.0.3 want: 1.0.3
640 silly placeDep ROOT @rolldown/binding-linux-arm-gnueabihf@1.0.3 OK for: rolldown@1.0.3 want: 1.0.3
641 silly placeDep ROOT @rolldown/binding-linux-arm64-gnu@1.0.3 OK for: rolldown@1.0.3 want: 1.0.3
642 silly placeDep ROOT @rolldown/binding-linux-arm64-musl@1.0.3 OK for: rolldown@1.0.3 want: 1.0.3
643 silly placeDep ROOT @rolldown/binding-linux-ppc64-gnu@1.0.3 OK for: rolldown@1.0.3 want: 1.0.3
644 silly placeDep ROOT @rolldown/binding-linux-s390x-gnu@1.0.3 OK for: rolldown@1.0.3 want: 1.0.3
645 silly placeDep ROOT @rolldown/binding-linux-x64-gnu@1.0.3 OK for: rolldown@1.0.3 want: 1.0.3
646 silly placeDep ROOT @rolldown/binding-linux-x64-musl@1.0.3 OK for: rolldown@1.0.3 want: 1.0.3
647 silly placeDep ROOT @rolldown/binding-openharmony-arm64@1.0.3 OK for: rolldown@1.0.3 want: 1.0.3
648 silly placeDep ROOT @rolldown/binding-wasm32-wasi@1.0.3 OK for: rolldown@1.0.3 want: 1.0.3
649 silly placeDep ROOT @rolldown/binding-win32-arm64-msvc@1.0.3 OK for: rolldown@1.0.3 want: 1.0.3
650 silly placeDep ROOT @rolldown/binding-win32-x64-msvc@1.0.3 OK for: rolldown@1.0.3 want: 1.0.3
651 silly fetch manifest @napi-rs/wasm-runtime@^1.1.4
652 silly packumentCache full:https://registry.npmjs.org/@napi-rs%2fwasm-runtime cache-miss
653 silly fetch manifest @emnapi/core@1.10.0
654 silly packumentCache full:https://registry.npmjs.org/@emnapi%2fcore cache-miss
655 silly fetch manifest @emnapi/runtime@1.10.0
656 silly packumentCache full:https://registry.npmjs.org/@emnapi%2fruntime cache-miss
657 http fetch GET 200 https://registry.npmjs.org/@napi-rs%2fwasm-runtime 57ms (cache miss)
658 silly packumentCache full:https://registry.npmjs.org/@napi-rs%2fwasm-runtime set size:undefined disposed:false
659 http fetch GET 200 https://registry.npmjs.org/@emnapi%2fcore 61ms (cache miss)
660 silly packumentCache full:https://registry.npmjs.org/@emnapi%2fcore set size:undefined disposed:false
661 http fetch GET 200 https://registry.npmjs.org/@emnapi%2fruntime 67ms (cache miss)
662 silly packumentCache full:https://registry.npmjs.org/@emnapi%2fruntime set size:undefined disposed:false
663 silly placeDep ROOT @emnapi/core@1.10.0 REPLACE for: @rolldown/binding-wasm32-wasi@1.0.3 want: 1.10.0
664 silly placeDep ROOT @emnapi/runtime@1.10.0 REPLACE for: @rolldown/binding-wasm32-wasi@1.0.3 want: 1.10.0
665 silly placeDep node_modules/@rolldown/binding-wasm32-wasi @napi-rs/wasm-runtime@1.1.4 OK for: @rolldown/binding-wasm32-wasi@1.0.3 want: ^1.1.4
666 silly fetch manifest msw@^2.4.9
667 silly packumentCache full:https://registry.npmjs.org/msw cache-miss
668 http fetch GET 200 https://registry.npmjs.org/msw 78ms (cache miss)
669 silly packumentCache full:https://registry.npmjs.org/msw set size:undefined disposed:false
670 silly fetch manifest typescript@>= 4.8.x
671 silly packumentCache full:https://registry.npmjs.org/typescript cache-miss
672 http fetch GET 200 https://registry.npmjs.org/typescript 248ms (cache miss)
673 silly packumentCache full:https://registry.npmjs.org/typescript set size:undefined disposed:false
674 silly fetch manifest vite@^6.0.0 || ^7.0.0 || ^8.0.0
675 silly packumentCache full:https://registry.npmjs.org/vite cache-miss
676 http cache https://registry.npmjs.org/vite 37ms (cache hit)
677 silly packumentCache full:https://registry.npmjs.org/vite set size:38853896 disposed:false
678 silly fetch manifest @types/node@^20.0.0 || ^22.0.0 || >=24.0.0
679 silly packumentCache full:https://registry.npmjs.org/@types%2fnode cache-miss
680 http cache https://registry.npmjs.org/@types%2fnode 23ms (cache hit)
681 silly packumentCache full:https://registry.npmjs.org/@types%2fnode set size:11015753 disposed:false
682 silly placeDep ROOT @vitest/expect@4.1.8 OK for: vitest@4.1.8 want: 4.1.8
683 silly placeDep ROOT @vitest/mocker@4.1.8 OK for: vitest@4.1.8 want: 4.1.8
684 silly placeDep ROOT @vitest/pretty-format@4.1.8 OK for: vitest@4.1.8 want: 4.1.8
685 silly placeDep ROOT @vitest/runner@4.1.8 OK for: vitest@4.1.8 want: 4.1.8
686 silly placeDep ROOT @vitest/snapshot@4.1.8 OK for: vitest@4.1.8 want: 4.1.8
687 silly placeDep ROOT @vitest/spy@4.1.8 OK for: vitest@4.1.8 want: 4.1.8
688 silly placeDep ROOT @vitest/utils@4.1.8 OK for: vitest@4.1.8 want: 4.1.8
689 silly placeDep ROOT es-module-lexer@2.1.0 OK for: vitest@4.1.8 want: ^2.0.0
690 silly placeDep ROOT expect-type@1.3.0 OK for: vitest@4.1.8 want: ^1.3.0
691 silly placeDep ROOT obug@2.1.1 OK for: vitest@4.1.8 want: ^2.1.1
692 silly placeDep ROOT pathe@2.0.3 OK for: vitest@4.1.8 want: ^2.0.3
693 silly placeDep node_modules/vitest picomatch@4.0.4 OK for: vitest@4.1.8 want: ^4.0.3
694 silly placeDep ROOT std-env@4.1.0 OK for: vitest@4.1.8 want: ^4.0.0-rc.1
695 silly placeDep ROOT tinybench@2.9.0 OK for: vitest@4.1.8 want: ^2.9.0
696 silly placeDep ROOT tinyrainbow@3.1.0 OK for: vitest@4.1.8 want: ^3.1.0
697 silly placeDep ROOT why-is-node-running@2.3.0 OK for: vitest@4.1.8 want: ^2.3.0
698 silly fetch manifest chai@^6.2.2
699 silly packumentCache full:https://registry.npmjs.org/chai cache-miss
700 silly fetch manifest @types/chai@^5.2.2
701 silly packumentCache full:https://registry.npmjs.org/@types%2fchai cache-miss
702 silly fetch manifest @standard-schema/spec@^1.1.0
703 silly packumentCache full:https://registry.npmjs.org/@standard-schema%2fspec cache-miss
704 silly fetch manifest estree-walker@^3.0.3
705 silly packumentCache full:https://registry.npmjs.org/estree-walker cache-miss
706 silly fetch manifest siginfo@^2.0.0
707 silly packumentCache full:https://registry.npmjs.org/siginfo cache-miss
708 silly fetch manifest stackback@0.0.2
709 silly packumentCache full:https://registry.npmjs.org/stackback cache-miss
710 http fetch GET 200 https://registry.npmjs.org/siginfo 57ms (cache miss)
711 silly packumentCache full:https://registry.npmjs.org/siginfo set size:undefined disposed:false
712 http fetch GET 200 https://registry.npmjs.org/estree-walker 67ms (cache miss)
713 silly packumentCache full:https://registry.npmjs.org/estree-walker set size:undefined disposed:false
714 http fetch GET 200 https://registry.npmjs.org/stackback 68ms (cache miss)
715 silly packumentCache full:https://registry.npmjs.org/stackback set size:undefined disposed:false
716 http fetch GET 200 https://registry.npmjs.org/chai 70ms (cache miss)
717 silly packumentCache full:https://registry.npmjs.org/chai set size:undefined disposed:false
718 http fetch GET 200 https://registry.npmjs.org/@standard-schema%2fspec 72ms (cache miss)
719 silly packumentCache full:https://registry.npmjs.org/@standard-schema%2fspec set size:undefined disposed:false
720 http fetch GET 200 https://registry.npmjs.org/@types%2fchai 251ms (cache miss)
721 silly packumentCache full:https://registry.npmjs.org/@types%2fchai set size:undefined disposed:false
722 silly placeDep ROOT @standard-schema/spec@1.1.0 OK for: @vitest/expect@4.1.8 want: ^1.1.0
723 silly placeDep ROOT @types/chai@5.2.3 OK for: @vitest/expect@4.1.8 want: ^5.2.2
724 silly placeDep ROOT chai@6.2.2 OK for: @vitest/expect@4.1.8 want: ^6.2.2
725 silly fetch manifest @types/deep-eql@*
726 silly packumentCache full:https://registry.npmjs.org/@types%2fdeep-eql cache-miss
727 silly fetch manifest assertion-error@^2.0.1
728 silly packumentCache full:https://registry.npmjs.org/assertion-error cache-miss
729 http fetch GET 200 https://registry.npmjs.org/assertion-error 43ms (cache miss)
730 silly packumentCache full:https://registry.npmjs.org/assertion-error set size:undefined disposed:false
731 http fetch GET 200 https://registry.npmjs.org/@types%2fdeep-eql 53ms (cache miss)
732 silly packumentCache full:https://registry.npmjs.org/@types%2fdeep-eql set size:undefined disposed:false
733 silly placeDep ROOT @types/deep-eql@4.0.2 OK for: @types/chai@5.2.3 want: *
734 silly placeDep ROOT assertion-error@2.0.1 OK for: @types/chai@5.2.3 want: ^2.0.1
735 silly placeDep ROOT estree-walker@3.0.3 OK for: @vitest/mocker@4.1.8 want: ^3.0.3
736 silly placeDep ROOT tr46@6.0.0 OK for: whatwg-url@16.0.1 want: ^6.0.0
737 silly placeDep ROOT siginfo@2.0.0 OK for: why-is-node-running@2.3.0 want: ^2.0.0
738 silly placeDep ROOT stackback@0.0.2 OK for: why-is-node-running@2.3.0 want: 0.0.2
739 silly placeDep node_modules/@testing-library/dom ansi-regex@5.0.1 OK for: pretty-format@27.5.1 want: ^5.0.1
740 silly placeDep node_modules/@testing-library/dom ansi-styles@5.2.0 OK for: pretty-format@27.5.1 want: ^5.0.0
741 silly placeDep node_modules/@testing-library/dom react-is@17.0.2 OK for: pretty-format@27.5.1 want: ^17.0.1
742 silly placeDep node_modules/jsdom entities@8.0.0 OK for: parse5@8.0.1 want: ^8.0.0
743 silly reify mark retired [
743 silly reify   '/Users/xodn/Documents/capstoneDesign/moyeolog_FE/node_modules/@emnapi/core'
743 silly reify ]
744 silly reify mark retired [
744 silly reify   '/Users/xodn/Documents/capstoneDesign/moyeolog_FE/node_modules/@emnapi/runtime'
744 silly reify ]
745 silly reify mark retired [
745 silly reify   '/Users/xodn/Documents/capstoneDesign/moyeolog_FE/node_modules/nanoid',
745 silly reify   '/Users/xodn/Documents/capstoneDesign/moyeolog_FE/node_modules/.bin/nanoid'
745 silly reify ]
746 silly reify mark retired [
746 silly reify   '/Users/xodn/Documents/capstoneDesign/moyeolog_FE/node_modules/postcss'
746 silly reify ]
747 silly reify mark retired [
747 silly reify   '/Users/xodn/Documents/capstoneDesign/moyeolog_FE/node_modules/tinyglobby'
747 silly reify ]
748 silly reify moves {
748 silly reify   '/Users/xodn/Documents/capstoneDesign/moyeolog_FE/node_modules/@emnapi/core': '/Users/xodn/Documents/capstoneDesign/moyeolog_FE/node_modules/@emnapi/.core-wsystIG4',
748 silly reify   '/Users/xodn/Documents/capstoneDesign/moyeolog_FE/node_modules/@emnapi/runtime': '/Users/xodn/Documents/capstoneDesign/moyeolog_FE/node_modules/@emnapi/.runtime-h6Z3q8hC',
748 silly reify   '/Users/xodn/Documents/capstoneDesign/moyeolog_FE/node_modules/nanoid': '/Users/xodn/Documents/capstoneDesign/moyeolog_FE/node_modules/.nanoid-hhrPZkt4',
748 silly reify   '/Users/xodn/Documents/capstoneDesign/moyeolog_FE/node_modules/.bin/nanoid': '/Users/xodn/Documents/capstoneDesign/moyeolog_FE/node_modules/.bin/.nanoid-ZrLAW3OF',
748 silly reify   '/Users/xodn/Documents/capstoneDesign/moyeolog_FE/node_modules/postcss': '/Users/xodn/Documents/capstoneDesign/moyeolog_FE/node_modules/.postcss-r6OOAmjq',
748 silly reify   '/Users/xodn/Documents/capstoneDesign/moyeolog_FE/node_modules/tinyglobby': '/Users/xodn/Documents/capstoneDesign/moyeolog_FE/node_modules/.tinyglobby-vpQqbnJ3'
748 silly reify }
749 verbose stack Error: EACCES: permission denied, rename '/Users/xodn/Documents/capstoneDesign/moyeolog_FE/node_modules/@emnapi/core' -> '/Users/xodn/Documents/capstoneDesign/moyeolog_FE/node_modules/@emnapi/.core-wsystIG4'
749 verbose stack     at async Object.rename (node:internal/fs/promises:784:10)
749 verbose stack     at async moveFile (/usr/local/lib/node_modules/npm/node_modules/@npmcli/fs/lib/move-file.js:30:5)
749 verbose stack     at async Promise.allSettled (index 0)
749 verbose stack     at async [reifyPackages] (/usr/local/lib/node_modules/npm/node_modules/@npmcli/arborist/lib/arborist/reify.js:325:11)
749 verbose stack     at async Arborist.reify (/usr/local/lib/node_modules/npm/node_modules/@npmcli/arborist/lib/arborist/reify.js:142:5)
749 verbose stack     at async Install.exec (/usr/local/lib/node_modules/npm/lib/commands/install.js:150:5)
749 verbose stack     at async Npm.exec (/usr/local/lib/node_modules/npm/lib/npm.js:207:9)
749 verbose stack     at async module.exports (/usr/local/lib/node_modules/npm/lib/cli/entry.js:74:5)
750 error code EACCES
751 error syscall rename
752 error path /Users/xodn/Documents/capstoneDesign/moyeolog_FE/node_modules/@emnapi/core
753 error dest /Users/xodn/Documents/capstoneDesign/moyeolog_FE/node_modules/@emnapi/.core-wsystIG4
754 error errno -13
755 error Error: EACCES: permission denied, rename '/Users/xodn/Documents/capstoneDesign/moyeolog_FE/node_modules/@emnapi/core' -> '/Users/xodn/Documents/capstoneDesign/moyeolog_FE/node_modules/@emnapi/.core-wsystIG4'
755 error     at async Object.rename (node:internal/fs/promises:784:10)
755 error     at async moveFile (/usr/local/lib/node_modules/npm/node_modules/@npmcli/fs/lib/move-file.js:30:5)
755 error     at async Promise.allSettled (index 0)
755 error     at async [reifyPackages] (/usr/local/lib/node_modules/npm/node_modules/@npmcli/arborist/lib/arborist/reify.js:325:11)
755 error     at async Arborist.reify (/usr/local/lib/node_modules/npm/node_modules/@npmcli/arborist/lib/arborist/reify.js:142:5)
755 error     at async Install.exec (/usr/local/lib/node_modules/npm/lib/commands/install.js:150:5)
755 error     at async Npm.exec (/usr/local/lib/node_modules/npm/lib/npm.js:207:9)
755 error     at async module.exports (/usr/local/lib/node_modules/npm/lib/cli/entry.js:74:5) {
755 error   errno: -13,
755 error   code: 'EACCES',
755 error   syscall: 'rename',
755 error   path: '/Users/xodn/Documents/capstoneDesign/moyeolog_FE/node_modules/@emnapi/core',
755 error   dest: '/Users/xodn/Documents/capstoneDesign/moyeolog_FE/node_modules/@emnapi/.core-wsystIG4'
755 error }
756 error
756 error The operation was rejected by your operating system.
756 error It is likely you do not have the permissions to access this file as the current user
756 error
756 error If you believe this might be a permissions issue, please double-check the
756 error permissions of the file and its containing directories, or try running
756 error the command again as root/Administrator.
757 silly unfinished npm timer reify 1780307493690
758 silly unfinished npm timer reify:retireShallow 1780307503191
759 verbose cwd /Users/xodn/Documents/capstoneDesign/moyeolog_FE
760 verbose os Darwin 25.5.0
761 verbose node v22.18.0
762 verbose npm  v10.9.3
763 verbose exit -13
764 verbose code -13
765 error A complete log of this run can be found in: /Users/xodn/Documents/capstoneDesign/moyeolog_FE/.npm-cache/_logs/2026-06-01T09_51_33_480Z-debug-0.log
